Archive member included to satisfy reference by file (symbol)

./lib\libc.a(lib_a-memcpy-stub.o)
                              lib\rt.o (memcpy)
./lib\libc.a(lib_a-memset.o)  menu_display.o (memset)
./lib\libc.a(lib_a-strcmp.o)  menu_functions.o (strcmp)
./lib\libc.a(lib_a-strcpy.o)  menu_display.o (strcpy)
./lib\libc.a(lib_a-strlen.o)  menu_functions.o (strlen)

Allocating common symbols
Common symbol       size              file

menu                0x2118            gameplg.o
after               0x4               gameplg.o
gamePluginMenu      0xc7c             gameplg.o
IoBaseLcd           0x4               main.o
current_menu        0x1               gameplg.o
mode                0x2               gameplg.o
fsUserHandle        0x4               gameplg.o
cheatEnabled        0x40              gameplg.o
threadStack         0x4000            main.o

Memory Configuration

Name             Origin             Length             Attributes
*default*        0x00000000         0xffffffff

Linker script and memory map

                0x00100100                . = 0x100100
                0x00100100                . = ALIGN (0x4)

.text           0x00100100     0x4f44
                0x00100100                __text_start = .
 bootloader.o(.text*)
 .text          0x00100100       0xb0 bootloader.o
                0x00100100                _Reset
                0x0010017c                _ReturnToUser
                0x00100190                plgGetIoBase
                0x00100198                copyRemoteMemory
 *(.text*)
 .text          0x001001b0      0x500 cheats.o
                0x001001b0                max_heart
                0x001001c4                max_magic
                0x001001e0                refill_heart
                0x001001f4                refill_large_magicbar
                0x00100208                infinite_arrows
                0x0010021c                infinite_nuts
                0x00100230                infinite_stick
                0x00100244                infinite_bomb
                0x00100264                infinite_bombchu
                0x00100284                infinite_slingshot
                0x00100298                skulltulas
                0x001002b4                max_rupees
                0x001002cc                sunrise
                0x001002e4                daytime
                0x001002fc                sunset
                0x00100314                night
                0x00100328                unlock_large_mb
                0x0010033c                unlock_magic
                0x00100350                unlock_heartpieces
                0x00100364                unlock_enhanced_defense
                0x00100378                unlock_all_swords
                0x00100394                trigger_swords
                0x00100404                trigger_shields
                0x00100474                unlock_all_shields
                0x00100490                unlock_all_suits
                0x001004a4                trigger_suits
                0x00100514                unlock_all_stones
                0x00100528                unlock_all_best
                0x00100540                unlock_all_medallions
                0x00100554                giant_link
                0x00100578                normal_link
                0x0010059c                mini_link
                0x001005c0                paper_link
                0x001005dc                moon_jump
                0x001005f8                move_fast
                0x00100618                collect_heart
                0x0010062c                open_chest
                0x00100640                spin_attack
                0x0010065c                sword_glitch
                0x00100678                stick_fire
                0x00100694                epona_max_carrots
                0x001006ac                all_items
 .text          0x001006b0      0x254 common_functions.o
                0x001006b0                debounceKey
                0x001006e4                getKey
                0x00100704                waitKey
                0x00100728                waitKeyUp
                0x00100750                waitKeyChange
                0x00100768                str_replace
                0x00100788                hidCheckSectionUpdateTime
                0x001007bc                scanHID
                0x0010080c                setHID
                0x00100854                hidKeysDown
                0x00100864                str_add_space
                0x001008c8                read
 *fill*         0x00100904        0x4 
 .text          0x00100908      0x248 gameplg.o
                0x00100908                detectLanguage
                0x00100910                onCheatItemChanged
                0x0010093c                unlock_kokiri_sword
                0x00100944                unlock_excalibur_sword
                0x0010094c                unlock_biggoron_sword
                0x00100954                unlock_wood_shield
                0x0010095c                unlock_hyrule_shield
                0x00100964                unlock_mirror_shield
                0x0010096c                unlock_kokiri_suits
                0x00100974                unlock_zora_suits
                0x0010097c                unlock_goron_suits
                0x00100984                key_trigger
                0x00100a4c                gamePluginEntry
 .text          0x00100b50        0x0 main.o
 .text.startup  0x00100b50       0x44 main.o
                0x00100b50                main
 .text          0x00100b94      0x618 menu.o
                0x00100b94                create_base_menu
 .text          0x001011ac      0x72c menu_display.o
                0x001011ac                updateCheatEnableDisplay
                0x001012a0                updateAllCheatEnableDisplay
                0x001012d0                addCheatMenuEntry
                0x001012fc                addSCheatMenuEntry
                0x00101328                add_menu
                0x001013c8                add_nothing_menu
                0x00101468                add_activate_menu
                0x00101510                add_sharp_menu
                0x001015b0                add_space_menu
                0x00101650                add_number_menu
                0x001016f4                add_separator_menu
                0x0010178c                add_line_menu
                0x00101810                change_text
                0x00101854                add_text
 .text          0x001018d8      0x4f8 menu_functions.o
                0x001018d8                initMenu
                0x001018f0                addMenuEntry
                0x00101950                updateMenu
                0x001019c8                scanMenu
                0x00101a0c                scanCheatMenu
                0x00101a58                disableCheat
                0x00101a88                init_menu
                0x00101ac0                show_menu
                0x00101b58                update_text
                0x00101b5c                activate_menu
                0x00101ba0                change_menu_status
                0x00101bcc                do_action
                0x00101bfc                do_all_action
                0x00101c90                change_state
                0x00101ccc                find_id
                0x00101d60                show_base
                0x00101d68                show_debug
                0x00101d70                get_real_id
 .text          0x00101dd0      0x8c8 spoiler_display.o
                0x00101dd0                add_head_spoiler_menu
                0x00101ee4                add_head_child_spoiler_menu
                0x00102028                add_child_spoiler_menu
                0x001020fc                add_nothing_child_spoiler_menu
                0x001021d0                add_activate_child_spoiler_menu
                0x001022ac                add_sharp_child_spoiler_menu
                0x00102380                add_space_child_spoiler_menu
                0x00102454                add_number_child_spoiler_menu
                0x00102528                add_separator_child_spoiler_menu
                0x001025f4                add_line_child_spoiler_menu
 .text          0x00102698      0x354 spoiler_functions.o
                0x00102698                spoil
                0x00102724                spoil_all
                0x001027a0                un_spoil
                0x00102858                change_spoiler_state
                0x001028c8                show_only_spoiler
                0x001028e8                active_spoiler
                0x00102994                get_next_id
 .text          0x001029ec      0x144 lib\AC.o
                0x001029ec                ACU_cmd1
                0x00102a3c                ACU_cmd26
                0x00102a9c                ACU_GetWifiStatus
                0x00102ad4                ACU_WaitInternetConnection
 .text          0x00102b30       0x30 lib\entry.o
                0x00102b30                c_entry
                0x00102b5c                IRQHandler
 .text          0x00102b60      0x50c lib\FS.o
                0x00102b60                FSUSER_Initialize
                0x00102b94                FSUSER_OpenFile
                0x00102c34                FSUSER_OpenFileDirectly
                0x00102cf4                FSUSER_OpenArchive
                0x00102d78                FSUSER_OpenDirectory
                0x00102e04                FSUSER_CloseArchive
                0x00102e54                FSFILE_Close
                0x00102e84                FSFILE_Read
                0x00102eec                FSFILE_Write
                0x00102f5c                FSFILE_GetSize
                0x00102fa0                FSFILE_SetSize
                0x00102fd8                FSDIR_Read
                0x0010303c                FSDIR_Close
 *fill*         0x0010306c        0x4 
 .text          0x00103070       0x10 lib\misc.o
                0x00103070                sleep
 .text          0x00103080       0x3c lib\OS.o
                0x00103080                OS_ConvertVaddr2Physaddr
 .text          0x001030bc       0xd4 lib\pm.o
                0x001030bc                dumpKernel
                0x001030c0                getCurrentProcessId
                0x001030e4                getCurrentProcessHandle
                0x0010314c                protectRemoteMemory
                0x00103170                protectMemory
 .text          0x00103190      0x54c lib\rt.o
                0x00103190                rtInitLock
                0x0010319c                rtAcquireLock
                0x001031d0                rtReleaseLock
                0x001031dc                rtAlignToPageSize
                0x001031ec                rtGetPageOfAddress
                0x001031f8                rtCheckRemoteMemoryRegionSafeForWrite
                0x00103248                rtSafeCopyMemory
                0x001032a0                rtRecvSocket
                0x00103300                rtSendSocket
                0x0010335c                rtIntToPortNumber
                0x00103378                rtGetFileSize
                0x00103464                rtLoadFileToBuffer
                0x001035ac                rtGenerateJumpCode
                0x001035c4                rtFlushInstructionCache
                0x001035dc                rtInitHook
                0x00103654                rtEnableHook
                0x00103698                rtDisableHook
 .text          0x001036dc      0x10c lib\sharedfunc.o
                0x001036dc                initSharedFunc
 .text          0x001037e8      0xef8 lib\SOC.o
                0x00103824                socu_cmd1
                0x00103874                SOC_Shutdown
                0x001038b0                SOC_Initialize
                0x00103918                SOC_GetErrno
                0x00103928                socket
                0x00103990                closesocket
                0x001039f0                shutdown
                0x00103a54                listen
                0x00103ab8                accept
                0x00103bb4                bind
                0x00103c84                connect
                0x00103d54                socuipc_cmd7
                0x00103e70                socuipc_cmd8
                0x00103fb0                socuipc_cmd9
                0x001040c0                socuipc_cmda
                0x001041d4                recvfrom
                0x00104200                sendto
                0x0010422c                recv
                0x00104248                send
                0x00104264                getsockopt
                0x00104314                setsockopt
                0x0010439c                fcntl
                0x00104464                sockatmark
                0x001044c4                gethostid
                0x00104500                getsockname
                0x001045f0                getpeername
 .text          0x001046e0      0x118 lib\srv.o
                0x001046e0                exitSrv
                0x001046f8                srv_RegisterClient
                0x00104738                initSrv
                0x0010476c                srv_getServiceHandle
 .text          0x001047f8       0x40 lib\stub.o
                0x001047f8                showDbg
                0x00104800                nsDbgPrint
                0x00104808                plgRegisterMenuEntry
                0x00104810                plgGetSharedServiceHandle
                0x00104818                plgRequestMemory
                0x00104820                plgRegisterCallback
                0x00104828                xsprintf
                0x00104830                controlVideo
 *fill*         0x00104838        0x8 
 .text          0x00104840      0x2a0 lib\svc.o
                0x00104840                getThreadCommandBuffer
                0x0010484c                svc_controlMemory
                0x0010486c                svc_exitProcess
                0x00104874                svc_createThread
                0x00104894                svc_exitThread
                0x0010489c                svc_sleepThread
                0x001048a4                svc_createMutex
                0x001048b8                svc_releaseMutex
                0x001048c0                svc_releaseSemaphore
                0x001048d4                svc_createEvent
                0x001048e8                svc_signalEvent
                0x001048f0                svc_clearEvent
                0x001048f8                svc_createMemoryBlock
                0x00104910                svc_mapMemoryBlock
                0x00104918                svc_unmapMemoryBlock
                0x00104920                svc_arbitrateAddress
                0x00104928                svc_closeHandle
                0x00104930                svc_waitSynchronization1
                0x00104938                svc_waitSynchronizationN
                0x00104958                svc_getSystemTick
                0x00104960                svc_getSystemInfo
                0x0010497c                svc_getProcessInfo
                0x00104998                svc_connectToPort
                0x001049ac                svc_sendSyncRequest
                0x001049b4                svc_getProcessId
                0x001049c8                svc_getThreadId
                0x001049dc                svc_setThreadIdealProcessor
                0x001049e4                svc_openThread
                0x001049f8                svc_flushProcessDataCache
                0x00104a00                svc_invalidateProcessDataCache
                0x00104a08                svc_queryMemory
                0x00104a10                svc_addCodeSegment
                0x00104a18                svc_openProcess
                0x00104a2c                svc_controlProcessMemory
                0x00104a44                svc_mapProcessMemory
                0x00104a4c                svc_startInterProcessDma
                0x00104a6c                svc_getDmaState
                0x00104a80                svc_backDoor
                0x00104a88                svc_getProcessList
                0x00104a9c                svc_getThreadList
                0x00104ab0                svc_getThreadContext
                0x00104ab8                svc_debugActiveProcess
                0x00104acc                svc_readProcessMemory
                0x00104ad4                svc_writeProcessMemory
 .text          0x00104ae0       0xf0 ./lib\libc.a(lib_a-memcpy-stub.o)
                0x00104ae0                memcpy
 .text          0x00104bd0       0xf4 ./lib\libc.a(lib_a-memset.o)
                0x00104bd0                memset
 .text          0x00104cc4      0x230 ./lib\libc.a(lib_a-strcmp.o)
                0x00104cc4                strcmp
 .text          0x00104ef4       0xf0 ./lib\libc.a(lib_a-strcpy.o)
                0x00104ef4                strcpy
 .text          0x00104fe4       0x60 ./lib\libc.a(lib_a-strlen.o)
                0x00104fe4                strlen

.glue_7         0x00105044        0x0
 .glue_7        0x00105044        0x0 linker stubs

.glue_7t        0x00105044        0x0
 .glue_7t       0x00105044        0x0 linker stubs

.vfp11_veneer   0x00105044        0x0
 .vfp11_veneer  0x00105044        0x0 linker stubs

.v4_bx          0x00105044        0x0
 .v4_bx         0x00105044        0x0 linker stubs

.plt            0x00105044        0x0
 .plt           0x00105044        0x0 bootloader.o

.iplt           0x00105044        0x0
 .iplt          0x00105044        0x0 bootloader.o
                0x00105044                . = ALIGN (0x4)

.data           0x00105044       0x24
 *(.data)
 .data          0x00105044        0x0 bootloader.o
 .data          0x00105044        0x0 cheats.o
 .data          0x00105044        0x4 common_functions.o
                0x00105044                hidSharedMem
 .data          0x00105048        0x4 gameplg.o
                0x00105048                IoBasePad
 .data          0x0010504c       0x1c main.o
                0x0010504c                socuRet
                0x00105050                sdmcArchive
 .data          0x00105068        0x0 menu.o
 .data          0x00105068        0x0 menu_display.o
 .data          0x00105068        0x0 menu_functions.o
 .data          0x00105068        0x0 spoiler_display.o
 .data          0x00105068        0x0 spoiler_functions.o
 .data          0x00105068        0x0 lib\AC.o
 .data          0x00105068        0x0 lib\entry.o
 .data          0x00105068        0x0 lib\FS.o
 .data          0x00105068        0x0 lib\misc.o
 .data          0x00105068        0x0 lib\OS.o
 .data          0x00105068        0x0 lib\pm.o
 .data          0x00105068        0x0 lib\rt.o
 .data          0x00105068        0x0 lib\sharedfunc.o
 .data          0x00105068        0x0 lib\SOC.o
 .data          0x00105068        0x0 lib\srv.o
 .data          0x00105068        0x0 lib\stub.o
 .data          0x00105068        0x0 lib\svc.o
 .data          0x00105068        0x0 ./lib\libc.a(lib_a-memcpy-stub.o)
 .data          0x00105068        0x0 ./lib\libc.a(lib_a-memset.o)
 .data          0x00105068        0x0 ./lib\libc.a(lib_a-strcmp.o)
 .data          0x00105068        0x0 ./lib\libc.a(lib_a-strcpy.o)
 .data          0x00105068        0x0 ./lib\libc.a(lib_a-strlen.o)

.dynamic        0x00105068       0x80
 .dynamic       0x00105068       0x80 bootloader.o
                0x00105068                _DYNAMIC

.got            0x001050e8        0x0
 .got           0x001050e8        0x0 bootloader.o

.got.plt        0x001050e8        0xc
 .got.plt       0x001050e8        0xc bootloader.o
                0x001050e8                _GLOBAL_OFFSET_TABLE_

.igot.plt       0x001050f4        0x0
 .igot.plt      0x001050f4        0x0 bootloader.o
                0x001050f4                . = ALIGN (0x4)
                0x001050f4                . = ALIGN (0x4)

.rel.dyn        0x001050f4      0x7d0
 *(.__rel_dyn_start)
 .__rel_dyn_start
                0x001050f4        0x0 bootloader.o
 *(.rel*)
 .rel.got       0x001050f4        0x0 bootloader.o
 .rel.plt       0x001050f4        0x0 bootloader.o
 .rel.iplt      0x001050f4        0x0 bootloader.o
 .rel.text      0x001050f4      0x7b8 bootloader.o
 .rel.data      0x001058ac        0x8 bootloader.o
 .rel.text.startup
                0x001058b4       0x10 bootloader.o
 *(.rel.*)
 *(.__rel_dyn_end)
 .__rel_dyn_end
                0x001058c4        0x0 bootloader.o
                0x001058c4                __code_end = .

.interp         0x001058c4       0x11
 .interp        0x001058c4       0x11 bootloader.o

.gnu.version_d  0x001058d8        0x0
 .gnu.version_d
                0x001058d8        0x0 bootloader.o

.gnu.version    0x001058d6        0x0
 .gnu.version   0x001058d6        0x0 bootloader.o

.gnu.version_r  0x001058d8        0x0
 .gnu.version_r
                0x001058d8        0x0 bootloader.o

.dynsym         0x001058d8       0x60
 .dynsym        0x001058d8       0x60 bootloader.o

.dynstr         0x00105938       0x21
 .dynstr        0x00105938       0x21 bootloader.o

.hash           0x0010595c       0x2c
 .hash          0x0010595c       0x2c bootloader.o

.rodata.str1.1  0x00105988      0x4c1
 .rodata.str1.1
                0x00105988        0x0 common_functions.o
                                  0x3 (size before relaxing)
 .rodata.str1.1
                0x00105988        0x8 gameplg.o
 .rodata.str1.1
                0x00105990        0x8 main.o
                                  0x1 (size before relaxing)
 .rodata.str1.1
                0x00105990      0x3d7 menu.o
 .rodata.str1.1
                0x00105d67       0x37 menu_display.o
                                 0x3f (size before relaxing)
 .rodata.str1.1
                0x00105d9e        0x9 spoiler_display.o
                                 0x3a (size before relaxing)
 .rodata.str1.1
                0x00105da7        0x5 lib\AC.o
 .rodata.str1.1
                0x00105dac       0x1e lib\pm.o
 .rodata.str1.1
                0x00105dca       0x74 lib\rt.o
 .rodata.str1.1
                0x00105e3e        0x6 lib\SOC.o
 .rodata.str1.1
                0x00105e44        0x5 lib\srv.o

.rodata         0x00105e49       0x4d
 .rodata        0x00105e49       0x4d lib\SOC.o
                0x00105e98                . = ALIGN (0x4)

.bss            0x00105e98     0x6e08
 *(.__bss_start)
 .__bss_start   0x00105e98        0x0 bootloader.o
                0x00105e98                __c_bss_start
 *(.bss COMMON)
 .bss           0x00105e98        0x0 bootloader.o
 .bss           0x00105e98        0x0 cheats.o
 .bss           0x00105e98        0x4 common_functions.o
 .bss           0x00105e9c        0xc gameplg.o
                0x00105ea0                isNewNtr
                0x00105ea4                langue
 COMMON         0x00105ea8     0x2de0 gameplg.o
                0x00105ea8                menu
                0x00107fc0                after
                0x00107fc4                gamePluginMenu
                0x00108c40                current_menu
                0x00108c42                mode
                0x00108c44                fsUserHandle
                0x00108c48                cheatEnabled
 .bss           0x00108c88        0x0 main.o
 COMMON         0x00108c88     0x4004 main.o
                0x00108c88                IoBaseLcd
                0x00108c8c                threadStack
 .bss           0x0010cc8c        0x0 menu.o
 .bss           0x0010cc8c        0x0 menu_display.o
 .bss           0x0010cc8c        0x0 menu_functions.o
 .bss           0x0010cc8c        0x0 spoiler_display.o
 .bss           0x0010cc8c        0x0 spoiler_functions.o
 .bss           0x0010cc8c        0x0 lib\AC.o
 .bss           0x0010cc8c        0x0 lib\entry.o
 .bss           0x0010cc8c        0x0 lib\FS.o
 .bss           0x0010cc8c        0x0 lib\misc.o
 .bss           0x0010cc8c        0x0 lib\OS.o
 .bss           0x0010cc8c        0x8 lib\pm.o
                0x0010cc8c                currentPid
                0x0010cc90                hCurrentProcess
 .bss           0x0010cc94        0x0 lib\rt.o
 .bss           0x0010cc94        0x0 lib\sharedfunc.o
 .bss           0x0010cc94        0x8 lib\SOC.o
                0x0010cc94                SOCU_handle
 .bss           0x0010cc9c        0x4 lib\srv.o
                0x0010cc9c                srvHandle
 .bss           0x0010cca0        0x0 lib\stub.o
 .bss           0x0010cca0        0x0 lib\svc.o
 .bss           0x0010cca0        0x0 ./lib\libc.a(lib_a-memcpy-stub.o)
 .bss           0x0010cca0        0x0 ./lib\libc.a(lib_a-memset.o)
 .bss           0x0010cca0        0x0 ./lib\libc.a(lib_a-strcmp.o)
 .bss           0x0010cca0        0x0 ./lib\libc.a(lib_a-strcpy.o)
 .bss           0x0010cca0        0x0 ./lib\libc.a(lib_a-strlen.o)
 *(.__bss_end)
 .__bss_end     0x0010cca0        0x0 bootloader.o
                0x0010cca0                __c_bss_end
                0x0010cca0                __end__ = .
LOAD bootloader.o
LOAD cheats.o
LOAD common_functions.o
LOAD gameplg.o
LOAD main.o
LOAD menu.o
LOAD menu_display.o
LOAD menu_functions.o
LOAD spoiler_display.o
LOAD spoiler_functions.o
LOAD lib\AC.o
LOAD lib\entry.o
LOAD lib\FS.o
LOAD lib\misc.o
LOAD lib\OS.o
LOAD lib\pm.o
LOAD lib\rt.o
LOAD lib\sharedfunc.o
LOAD lib\SOC.o
LOAD lib\srv.o
LOAD lib\stub.o
LOAD lib\svc.o
LOAD ./lib\libc.a
LOAD ./lib\libgcc.a
OUTPUT(a.out elf32-littlearm)

.dynbss         0x0010cca0        0x0
 .dynbss        0x0010cca0        0x0 bootloader.o

.ARM.attributes
                0x00000000       0x27
 .ARM.attributes
                0x00000000       0x19 bootloader.o
 .ARM.attributes
                0x00000019       0x2b cheats.o
 .ARM.attributes
                0x00000044       0x2b common_functions.o
 .ARM.attributes
                0x0000006f       0x2b gameplg.o
 .ARM.attributes
                0x0000009a       0x2b main.o
 .ARM.attributes
                0x000000c5       0x2b menu.o
 .ARM.attributes
                0x000000f0       0x2b menu_display.o
 .ARM.attributes
                0x0000011b       0x2b menu_functions.o
 .ARM.attributes
                0x00000146       0x2b spoiler_display.o
 .ARM.attributes
                0x00000171       0x2b spoiler_functions.o
 .ARM.attributes
                0x0000019c       0x2b lib\AC.o
 .ARM.attributes
                0x000001c7       0x2b lib\entry.o
 .ARM.attributes
                0x000001f2       0x2b lib\FS.o
 .ARM.attributes
                0x0000021d       0x19 lib\misc.o
 .ARM.attributes
                0x00000236       0x2b lib\OS.o
 .ARM.attributes
                0x00000261       0x2b lib\pm.o
 .ARM.attributes
                0x0000028c       0x2b lib\rt.o
 .ARM.attributes
                0x000002b7       0x2b lib\sharedfunc.o
 .ARM.attributes
                0x000002e2       0x2b lib\SOC.o
 .ARM.attributes
                0x0000030d       0x2b lib\srv.o
 .ARM.attributes
                0x00000338       0x19 lib\stub.o
 .ARM.attributes
                0x00000351       0x19 lib\svc.o
 .ARM.attributes
                0x0000036a       0x30 ./lib\libc.a(lib_a-memcpy-stub.o)
 .ARM.attributes
                0x0000039a       0x30 ./lib\libc.a(lib_a-memset.o)
 .ARM.attributes
                0x000003ca       0x16 ./lib\libc.a(lib_a-strcmp.o)
 .ARM.attributes
                0x000003e0       0x30 ./lib\libc.a(lib_a-strcpy.o)
 .ARM.attributes
                0x00000410       0x30 ./lib\libc.a(lib_a-strlen.o)

.comment        0x00000000       0x44
 .comment       0x00000000       0x22 cheats.o
                                 0x23 (size before relaxing)
 .comment       0x00000022       0x23 common_functions.o
 .comment       0x00000022       0x23 gameplg.o
 .comment       0x00000022       0x23 main.o
 .comment       0x00000022       0x23 menu.o
 .comment       0x00000022       0x23 menu_display.o
 .comment       0x00000022       0x23 menu_functions.o
 .comment       0x00000022       0x23 spoiler_display.o
 .comment       0x00000022       0x23 spoiler_functions.o
 .comment       0x00000022       0x22 lib\AC.o
                                 0x23 (size before relaxing)
 .comment       0x00000044       0x23 lib\entry.o
 .comment       0x00000044       0x23 lib\FS.o
 .comment       0x00000044       0x23 lib\OS.o
 .comment       0x00000044       0x23 lib\pm.o
 .comment       0x00000044       0x23 lib\rt.o
 .comment       0x00000044       0x23 lib\sharedfunc.o
 .comment       0x00000044       0x23 lib\SOC.o
 .comment       0x00000044       0x23 lib\srv.o
 .comment       0x00000044       0x23 ./lib\libc.a(lib_a-memcpy-stub.o)
 .comment       0x00000044       0x23 ./lib\libc.a(lib_a-memset.o)
 .comment       0x00000044       0x23 ./lib\libc.a(lib_a-strcpy.o)
 .comment       0x00000044       0x23 ./lib\libc.a(lib_a-strlen.o)

.debug_info     0x00000000     0x753e
 .debug_info    0x00000000      0x506 cheats.o
 .debug_info    0x00000506      0x432 common_functions.o
 .debug_info    0x00000938      0xb7e gameplg.o
 .debug_info    0x000014b6      0x2c4 main.o
 .debug_info    0x0000177a      0x72b menu.o
 .debug_info    0x00001ea5      0x8bc menu_display.o
 .debug_info    0x00002761      0x96b menu_functions.o
 .debug_info    0x000030cc      0x75a spoiler_display.o
 .debug_info    0x00003826      0x582 spoiler_functions.o
 .debug_info    0x00003da8      0x368 lib\AC.o
 .debug_info    0x00004110      0x11f lib\entry.o
 .debug_info    0x0000422f      0x8a9 lib\FS.o
 .debug_info    0x00004ad8       0xc0 lib\OS.o
 .debug_info    0x00004b98      0x335 lib\pm.o
 .debug_info    0x00004ecd      0xc82 lib\rt.o
 .debug_info    0x00005b4f      0x335 lib\sharedfunc.o
 .debug_info    0x00005e84     0x13dc lib\SOC.o
 .debug_info    0x00007260      0x2de lib\srv.o

.debug_abbrev   0x00000000     0x1bf7
 .debug_abbrev  0x00000000      0x119 cheats.o
 .debug_abbrev  0x00000119      0x1be common_functions.o
 .debug_abbrev  0x000002d7      0x232 gameplg.o
 .debug_abbrev  0x00000509      0x129 main.o
 .debug_abbrev  0x00000632       0xda menu.o
 .debug_abbrev  0x0000070c      0x1b3 menu_display.o
 .debug_abbrev  0x000008bf      0x2ba menu_functions.o
 .debug_abbrev  0x00000b79      0x1a2 spoiler_display.o
 .debug_abbrev  0x00000d1b      0x1a9 spoiler_functions.o
 .debug_abbrev  0x00000ec4      0x13f lib\AC.o
 .debug_abbrev  0x00001003       0xcc lib\entry.o
 .debug_abbrev  0x000010cf      0x144 lib\FS.o
 .debug_abbrev  0x00001213       0x6d lib\OS.o
 .debug_abbrev  0x00001280      0x15f lib\pm.o
 .debug_abbrev  0x000013df      0x2aa lib\rt.o
 .debug_abbrev  0x00001689       0xfb lib\sharedfunc.o
 .debug_abbrev  0x00001784      0x304 lib\SOC.o
 .debug_abbrev  0x00001a88      0x16f lib\srv.o

.debug_loc      0x00000000     0x3b7e
 .debug_loc     0x00000000      0x16f cheats.o
 .debug_loc     0x0000016f      0x30f common_functions.o
 .debug_loc     0x0000047e       0xb3 gameplg.o
 .debug_loc     0x00000531      0x538 menu_display.o
 .debug_loc     0x00000a69      0x306 menu_functions.o
 .debug_loc     0x00000d6f      0x27d spoiler_display.o
 .debug_loc     0x00000fec      0x358 spoiler_functions.o
 .debug_loc     0x00001344      0x1cc lib\AC.o
 .debug_loc     0x00001510       0x34 lib\entry.o
 .debug_loc     0x00001544      0x7db lib\FS.o
 .debug_loc     0x00001d1f       0x5c lib\OS.o
 .debug_loc     0x00001d7b       0xfa lib\pm.o
 .debug_loc     0x00001e75      0x6b8 lib\rt.o
 .debug_loc     0x0000252d     0x152b lib\SOC.o
 .debug_loc     0x00003a58      0x126 lib\srv.o

.debug_aranges  0x00000000      0x240
 .debug_aranges
                0x00000000       0x20 cheats.o
 .debug_aranges
                0x00000020       0x20 common_functions.o
 .debug_aranges
                0x00000040       0x20 gameplg.o
 .debug_aranges
                0x00000060       0x20 main.o
 .debug_aranges
                0x00000080       0x20 menu.o
 .debug_aranges
                0x000000a0       0x20 menu_display.o
 .debug_aranges
                0x000000c0       0x20 menu_functions.o
 .debug_aranges
                0x000000e0       0x20 spoiler_display.o
 .debug_aranges
                0x00000100       0x20 spoiler_functions.o
 .debug_aranges
                0x00000120       0x20 lib\AC.o
 .debug_aranges
                0x00000140       0x20 lib\entry.o
 .debug_aranges
                0x00000160       0x20 lib\FS.o
 .debug_aranges
                0x00000180       0x20 lib\OS.o
 .debug_aranges
                0x000001a0       0x20 lib\pm.o
 .debug_aranges
                0x000001c0       0x20 lib\rt.o
 .debug_aranges
                0x000001e0       0x20 lib\sharedfunc.o
 .debug_aranges
                0x00000200       0x20 lib\SOC.o
 .debug_aranges
                0x00000220       0x20 lib\srv.o

.debug_line     0x00000000     0x1ca2
 .debug_line    0x00000000      0x163 cheats.o
 .debug_line    0x00000163      0x176 common_functions.o
 .debug_line    0x000002d9      0x1d9 gameplg.o
 .debug_line    0x000004b2      0x115 main.o
 .debug_line    0x000005c7       0x90 menu.o
 .debug_line    0x00000657      0x201 menu_display.o
 .debug_line    0x00000858      0x1cd menu_functions.o
 .debug_line    0x00000a25      0x1a4 spoiler_display.o
 .debug_line    0x00000bc9      0x108 spoiler_functions.o
 .debug_line    0x00000cd1      0x12e lib\AC.o
 .debug_line    0x00000dff       0xe1 lib\entry.o
 .debug_line    0x00000ee0      0x1d0 lib\FS.o
 .debug_line    0x000010b0       0xed lib\OS.o
 .debug_line    0x0000119d      0x120 lib\pm.o
 .debug_line    0x000012bd      0x27f lib\rt.o
 .debug_line    0x0000153c      0x102 lib\sharedfunc.o
 .debug_line    0x0000163e      0x4ed lib\SOC.o
 .debug_line    0x00001b2b      0x177 lib\srv.o

.debug_str      0x00000000     0x16ae
 .debug_str     0x00000000      0x363 cheats.o
                                0x3bd (size before relaxing)
 .debug_str     0x00000363      0x11c common_functions.o
                                0x26f (size before relaxing)
 .debug_str     0x0000047f      0x50f gameplg.o
                                0x79f (size before relaxing)
 .debug_str     0x0000098e       0x82 main.o
                                0x28b (size before relaxing)
 .debug_str     0x00000a10       0xd1 menu.o
                                0x21f (size before relaxing)
 .debug_str     0x00000ae1      0x10a menu_display.o
                                0x395 (size before relaxing)
 .debug_str     0x00000beb      0x171 menu_functions.o
                                0x4c3 (size before relaxing)
 .debug_str     0x00000d5c       0xcc spoiler_display.o
                                0x358 (size before relaxing)
 .debug_str     0x00000e28       0x6c spoiler_functions.o
                                0x27b (size before relaxing)
 .debug_str     0x00000e94      0x108 lib\AC.o
                                0x1e9 (size before relaxing)
 .debug_str     0x00000f9c       0x3c lib\entry.o
                                0x14a (size before relaxing)
 .debug_str     0x00000fd8      0x151 lib\FS.o
                                0x367 (size before relaxing)
 .debug_str     0x00001129       0x33 lib\OS.o
                                0x123 (size before relaxing)
 .debug_str     0x0000115c       0xb0 lib\pm.o
                                0x229 (size before relaxing)
 .debug_str     0x0000120c      0x1e7 lib\rt.o
                                0x4f0 (size before relaxing)
 .debug_str     0x000013f3       0x1e lib\sharedfunc.o
                                0x22f (size before relaxing)
 .debug_str     0x00001411      0x24a lib\SOC.o
                                0x420 (size before relaxing)
 .debug_str     0x0000165b       0x53 lib\srv.o
                                0x1e1 (size before relaxing)

.debug_frame    0x00000000     0x13fc
 .debug_frame   0x00000000      0x2b0 cheats.o
 .debug_frame   0x000002b0      0x128 common_functions.o
 .debug_frame   0x000003d8      0x108 gameplg.o
 .debug_frame   0x000004e0       0x28 main.o
 .debug_frame   0x00000508       0x34 menu.o
 .debug_frame   0x0000053c      0x1c0 menu_display.o
 .debug_frame   0x000006fc      0x1b8 menu_functions.o
 .debug_frame   0x000008b4      0x178 spoiler_display.o
 .debug_frame   0x00000a2c       0xfc spoiler_functions.o
 .debug_frame   0x00000b28       0x8c lib\AC.o
 .debug_frame   0x00000bb4       0x30 lib\entry.o
 .debug_frame   0x00000be4      0x1ac lib\FS.o
 .debug_frame   0x00000d90       0x20 lib\OS.o
 .debug_frame   0x00000db0       0x90 lib\pm.o
 .debug_frame   0x00000e40      0x1a8 lib\rt.o
 .debug_frame   0x00000fe8       0x2c lib\sharedfunc.o
 .debug_frame   0x00001014      0x370 lib\SOC.o
 .debug_frame   0x00001384       0x78 lib\srv.o

.debug_ranges   0x00000000       0x60
 .debug_ranges  0x00000000       0x10 main.o
 .debug_ranges  0x00000010       0x50 lib\rt.o
